[ncodetechnologies.com/OrganicFoodStore/product-listing.html]
[backblue.gif]
[fade.gif]
[index.html]
[ncodetechnologies.com/OrganicFoodStore/images/favicon.ico]
[ncodetechnologies.com/OrganicFoodStore/images/franch-flag-icon.jpg]
[ncodetechnologies.com/OrganicFoodStore/images/india-flag-icon.jpg]
[ncodetechnologies.com/OrganicFoodStore/myaccount.html]
[ncodetechnologies.com/OrganicFoodStore/whishlist.html]
[ncodetechnologies.com/OrganicFoodStore/checkout.html]
[ncodetechnologies.com/OrganicFoodStore/blog.html]
[ncodetechnologies.com/OrganicFoodStore/index.html]
[ncodetechnologies.com/OrganicFoodStore/images/logo.png]
[ncodetechnologies.com/OrganicFoodStore/about.html]
[ncodetechnologies.com/OrganicFoodStore/images/megamenu-img.jpg]
[ncodetechnologies.com/OrganicFoodStore/product-detail.html]
[ncodetechnologies.com/OrganicFoodStore/faq.html]
[ncodetechnologies.com/OrganicFoodStore/cart.html]
[ncodetechnologies.com/OrganicFoodStore/404.html]
[ncodetechnologies.com/OrganicFoodStore/gallery.html]
[ncodetechnologies.com/OrganicFoodStore/contact.html]
[ncodetechnologies.com/OrganicFoodStore/images/cart-popup-img-1.jpg]
[ncodetechnologies.com/OrganicFoodStore/images/cart-popup-img-2.jpg]
[ncodetechnologies.com/OrganicFoodStore/images/product-page-banner.jpg]
[ncodetechnologies.com/OrganicFoodStore/images/top-seller-img-1.jpg]
[ncodetechnologies.com/OrganicFoodStore/images/green-star.png]
[ncodetechnologies.com/OrganicFoodStore/images/dark-star.png]
[ncodetechnologies.com/OrganicFoodStore/images/top-seller-img-2.jpg]
[ncodetechnologies.com/OrganicFoodStore/images/top-seller-img-3.jpg]
[ncodetechnologies.com/OrganicFoodStore/images/hot-collection-img.jpg]
[ncodetechnologies.com/OrganicFoodStore/images/product-img-1.jpg]
[ncodetechnologies.com/OrganicFoodStore/images/product-img-2.jpg]
[ncodetechnologies.com/OrganicFoodStore/images/product-img-3.jpg]
[ncodetechnologies.com/OrganicFoodStore/images/product-img-4.jpg]
[ncodetechnologies.com/OrganicFoodStore/images/product-img-5.jpg]
[ncodetechnologies.com/OrganicFoodStore/images/product-img-6.jpg]
[ncodetechnologies.com/OrganicFoodStore/images/product-img-7.jpg]
[ncodetechnologies.com/OrganicFoodStore/images/product-img-8.jpg]
[ncodetechnologies.com/OrganicFoodStore/images/product-img-9.jpg]
[ncodetechnologies.com/OrganicFoodStore/images/product-img-10.jpg]
[ncodetechnologies.com/OrganicFoodStore/images/product-img-12.jpg]
[ncodetechnologies.com/OrganicFoodStore/images/footer-logo.png]
[ncodetechnologies.com/OrganicFoodStore/images/instagram-img-1.jpg]
[ncodetechnologies.com/OrganicFoodStore/images/instagram-img-2.jpg]
[ncodetechnologies.com/OrganicFoodStore/images/instagram-img-3.jpg]
[ncodetechnologies.com/OrganicFoodStore/images/instagram-img-4.jpg]
[ncodetechnologies.com/OrganicFoodStore/images/instagram-img-5.jpg]
[ncodetechnologies.com/OrganicFoodStore/images/instagram-img-6.jpg]
[ncodetechnologies.com/OrganicFoodStore/images/card-1.png]
[ncodetechnologies.com/OrganicFoodStore/images/card-2.png]
[ncodetechnologies.com/OrganicFoodStore/images/card-3.png]
[ncodetechnologies.com/OrganicFoodStore/images/card-4.png]
[ncodetechnologies.com/OrganicFoodStore/product-listing.html]
[ncodetechnologies.com/OrganicFoodStore/css/bootstrap.min.css]
[ncodetechnologies.com/OrganicFoodStore/fonts/fontellof5ff.eot]
[ncodetechnologies.com/OrganicFoodStore/fonts/fontellof5ff.woff2]
[ncodetechnologies.com/OrganicFoodStore/fonts/fontellof5ff.woff]
[ncodetechnologies.com/OrganicFoodStore/fonts/fontellof5ff.ttf]
[ncodetechnologies.com/OrganicFoodStore/css/fontello.css]
[ncodetechnologies.com/OrganicFoodStore/css/responsive-slider.css]
[www.ncodetechnologies.com/OrganicFoodStore/css/owl.video.play.54.delayed]
[ncodetechnologies.com/OrganicFoodStore/css/owl.carousel.min.css]
[ncodetechnologies.com/OrganicFoodStore/css/owl.theme.default.min.css]
[ncodetechnologies.com/OrganicFoodStore/css/bootstrap-slider.min.css]
[ncodetechnologies.com/OrganicFoodStore/css/smoothproducts.css]
[ncodetechnologies.com/OrganicFoodStore/css/responsive-tabs.css]
[ncodetechnologies.com/OrganicFoodStore/css/jquery.fancybox.min.css]
[ncodetechnologies.com/OrganicFoodStore/fonts/frenteh1-regular-webfont.eot]
[ncodetechnologies.com/OrganicFoodStore/fonts/frenteh1-regular-webfontd41d.eot]
[ncodetechnologies.com/OrganicFoodStore/fonts/frenteh1-regular-webfont.woff2]
[ncodetechnologies.com/OrganicFoodStore/fonts/frenteh1-regular-webfont.woff]
[ncodetechnologies.com/OrganicFoodStore/images/account-list-icon.png]
[ncodetechnologies.com/OrganicFoodStore/images/account-list-icon-hover.png]
[ncodetechnologies.com/OrganicFoodStore/images/icon-bg.png]
[ncodetechnologies.com/OrganicFoodStore/images/icon-bg-1.png]
[ncodetechnologies.com/OrganicFoodStore/images/leave.png]
[ncodetechnologies.com/OrganicFoodStore/images/new-arrivals-bg.jpg]
[ncodetechnologies.com/OrganicFoodStore/images/title-decorator.png]
[ncodetechnologies.com/OrganicFoodStore/images/title-decorator-left.png]
[ncodetechnologies.com/OrganicFoodStore/images/title-decorator-right.png]
[ncodetechnologies.com/OrganicFoodStore/images/fress-part-img.jpg]
[ncodetechnologies.com/OrganicFoodStore/images/fress-part-img-1.jpg]
[ncodetechnologies.com/OrganicFoodStore/images/right-arrow.png]
[ncodetechnologies.com/OrganicFoodStore/images/newsletter-bg.jpg]
[ncodetechnologies.com/OrganicFoodStore/images/footer-bg.jpg]
[ncodetechnologies.com/OrganicFoodStore/images/sidebar-list-icon.png]
[ncodetechnologies.com/OrganicFoodStore/images/tit-bottom.jpg]
[ncodetechnologies.com/OrganicFoodStore/images/search-icon.png]
[ncodetechnologies.com/OrganicFoodStore/images/blog-list-icon.png]
[ncodetechnologies.com/OrganicFoodStore/images/bg.png]
[ncodetechnologies.com/OrganicFoodStore/images/contact-page-form-bg.png]
[ncodetechnologies.com/OrganicFoodStore/images/farming-bg.jpg]
[ncodetechnologies.com/OrganicFoodStore/images/farming-bg-ex.png]
[ncodetechnologies.com/OrganicFoodStore/images/why-choose-img.png]
[ncodetechnologies.com/OrganicFoodStore/images/our-farmer.jpg]
[ncodetechnologies.com/OrganicFoodStore/images/farmer-img-bg.png]
[ncodetechnologies.com/OrganicFoodStore/css/style.css]
[ncodetechnologies.com/OrganicFoodStore/css/query.css]
[ncodetechnologies.com/OrganicFoodStore/images/cart-page-banner.jpg]
[ncodetechnologies.com/OrganicFoodStore/myaccount.html]
[ncodetechnologies.com/OrganicFoodStore/images/cart-img-1.jpg]
[ncodetechnologies.com/OrganicFoodStore/images/cart-img-2.jpg]
[ncodetechnologies.com/OrganicFoodStore/images/cart-img-3.jpg]
[ncodetechnologies.com/OrganicFoodStore/images/cart-img-4.jpg]
[ncodetechnologies.com/OrganicFoodStore/whishlist.html]
[ncodetechnologies.com/OrganicFoodStore/images/card-list.png]
[ncodetechnologies.com/OrganicFoodStore/checkout.html]
[ncodetechnologies.com/OrganicFoodStore/images/blog-1.jpg]
[ncodetechnologies.com/OrganicFoodStore/images/blog-4.jpg]
[ncodetechnologies.com/OrganicFoodStore/images/blog-7.jpg]
[ncodetechnologies.com/OrganicFoodStore/blog-detail.html]
[ncodetechnologies.com/OrganicFoodStore/images/blog-2.jpg]
[ncodetechnologies.com/OrganicFoodStore/images/blog-3.jpg]
[ncodetechnologies.com/OrganicFoodStore/images/blog-5.jpg]
[ncodetechnologies.com/OrganicFoodStore/images/blog-6.jpg]
[ncodetechnologies.com/OrganicFoodStore/images/blog-8.jpg]
[ncodetechnologies.com/OrganicFoodStore/images/blog-9.jpg]
[ncodetechnologies.com/OrganicFoodStore/blog.html]
[ncodetechnologies.com/OrganicFoodStore/images/slider-banner.jpg]
[ncodetechnologies.com/OrganicFoodStore/images/fresh-fruits-img.jpg]
[ncodetechnologies.com/OrganicFoodStore/images/fresh-vegetables-img.jpg]
[ncodetechnologies.com/OrganicFoodStore/images/organic-foods-img.jpg]
[ncodetechnologies.com/OrganicFoodStore/images/new-arrivals-img-1.jpg]
[ncodetechnologies.com/OrganicFoodStore/images/new-arrivals-img-2.jpg]
[ncodetechnologies.com/OrganicFoodStore/images/new-arrivals-img-3.jpg]
[ncodetechnologies.com/OrganicFoodStore/images/new-arrivals-img-4.jpg]
[ncodetechnologies.com/OrganicFoodStore/images/slider-bg-1.png]
[ncodetechnologies.com/OrganicFoodStore/images/deal-img-7.png]
[ncodetechnologies.com/OrganicFoodStore/images/deal-img-1.jpg]
[ncodetechnologies.com/OrganicFoodStore/images/green-star-2.png]
[ncodetechnologies.com/OrganicFoodStore/images/dark-star-2.png]
[ncodetechnologies.com/OrganicFoodStore/images/deal-img-2.jpg]
[ncodetechnologies.com/OrganicFoodStore/images/deal-img-3.jpg]
[ncodetechnologies.com/OrganicFoodStore/images/deal-img-4.jpg]
[ncodetechnologies.com/OrganicFoodStore/images/deal-img-5.jpg]
[ncodetechnologies.com/OrganicFoodStore/images/deal-img-6.jpg]
[ncodetechnologies.com/OrganicFoodStore/images/organic-news-img-1.jpg]
[ncodetechnologies.com/OrganicFoodStore/images/organic-news-img-2.jpg]
[ncodetechnologies.com/OrganicFoodStore/images/organic-news-img-3.jpg]
[ncodetechnologies.com/OrganicFoodStore/images/organic-news-img-4.jpg]
[ncodetechnologies.com/OrganicFoodStore/images/step-1.png]
[ncodetechnologies.com/OrganicFoodStore/images/step-2.png]
[ncodetechnologies.com/OrganicFoodStore/images/step-3.png]
[ncodetechnologies.com/OrganicFoodStore/images/step-4.png]
[ncodetechnologies.com/OrganicFoodStore/images/brand-1.png]
[ncodetechnologies.com/OrganicFoodStore/images/brand-2.png]
[ncodetechnologies.com/OrganicFoodStore/images/brand-3.png]
[ncodetechnologies.com/OrganicFoodStore/images/brand-4.png]
[ncodetechnologies.com/OrganicFoodStore/images/brand-5.png]
[ncodetechnologies.com/OrganicFoodStore/images/brand-6.png]
[ncodetechnologies.com/OrganicFoodStore/index.html]
[ncodetechnologies.com/OrganicFoodStore/images/about-img.jpg]
[ncodetechnologies.com/OrganicFoodStore/images/farmer-img-1.jpg]
[ncodetechnologies.com/OrganicFoodStore/images/farmer-img-2.jpg]
[ncodetechnologies.com/OrganicFoodStore/images/farmer-img-3.jpg]
[ncodetechnologies.com/OrganicFoodStore/about.html]
[ncodetechnologies.com/OrganicFoodStore/images/product-detail-img-1.jpg]
[ncodetechnologies.com/OrganicFoodStore/images/product-detail-img-2.jpg]
[ncodetechnologies.com/OrganicFoodStore/images/product-detail-img-3.jpg]
[ncodetechnologies.com/OrganicFoodStore/images/green-star-1.png]
[ncodetechnologies.com/OrganicFoodStore/images/dark-star-1.png]
[ncodetechnologies.com/OrganicFoodStore/product-detail.html]
[ncodetechnologies.com/OrganicFoodStore/faq.html]
[ncodetechnologies.com/OrganicFoodStore/cart.html]
[ncodetechnologies.com/OrganicFoodStore/images/contact-page-logo.png]
[ncodetechnologies.com/OrganicFoodStore/images/404-img.jpg]
[ncodetechnologies.com/OrganicFoodStore/404.html]
[ncodetechnologies.com/OrganicFoodStore/gallery.html]
[ncodetechnologies.com/OrganicFoodStore/images/location-icon.png]
[ncodetechnologies.com/OrganicFoodStore/images/phone-icon.png]
[ncodetechnologies.com/OrganicFoodStore/images/message-icon.png]
[ncodetechnologies.com/OrganicFoodStore/contact.html]
[ncodetechnologies.com/OrganicFoodStore/js/jquery-1.11.3.min.js]
[www.ncodetechnologies.com/OrganicFoodStore/Popover requires tooltip.b3.delayed]
[ncodetechnologies.com/OrganicFoodStore/js/bootstrap.min.js]
[ncodetechnologies.com/OrganicFoodStore/js/responsive-slider.js]
[ncodetechnologies.com/OrganicFoodStore/js/owl.carousel.min.js]
[ncodetechnologies.com/OrganicFoodStore/js/jquery.event.move.js]
[ncodetechnologies.com/OrganicFoodStore/js/bootstrap-slider.min.js]
[ncodetechnologies.com/OrganicFoodStore/js/responsiveTabs.min.js]
[ncodetechnologies.com/OrganicFoodStore/js/smoothproducts.min.js]
[ncodetechnologies.com/OrganicFoodStore/js/jquery.matchHeight-min.js]
[ncodetechnologies.com/OrganicFoodStore/js/jquery.fancybox.min.js]
[ncodetechnologies.com/OrganicFoodStore/js/isotope.pkgd.js]
[ncodetechnologies.com/OrganicFoodStore/js/custom.js]
[ncodetechnologies.com/OrganicFoodStore/fonts/fontellof5ff.svg]
[www.ncodetechnologies.com/OrganicFoodStore/css/owl.video.play.html]
[ncodetechnologies.com/OrganicFoodStore/fonts/frenteh1-regular-webfont.svg]
[ncodetechnologies.com/OrganicFoodStore/images/blog-detail-main-img.jpg]
[ncodetechnologies.com/OrganicFoodStore/images/user-icon.png]
[ncodetechnologies.com/OrganicFoodStore/blog-detail.html]
[www.ncodetechnologies.com/OrganicFoodStore/Popover requires tooltip.html]
